Information: Updating design information... (UID-85)
Information: Timing loop detected. (OPT-150)
	U1158/A U1158/ZN U2551/A2 U2551/ZN 
Information: Timing loop detected. (OPT-150)
	U204/B1 U204/ZN U1226/A1 U1226/ZN U1517/A1 U1517/ZN U1541/A1 U1541/ZN U1394/A U1394/ZN U2267/B U2267/CO U1214/A1 U1214/ZN U2248/B U2248/ZN U2361/A1 U2361/ZN U1568/A1 U1568/ZN U2423/B1 U2423/ZN U2551/B1 U2551/ZN 
Warning: Disabling timing arc between pins 'A' and 'ZN' on cell 'U1158'
         to break a timing loop. (OPT-314)
Warning: Disabling timing arc between pins 'B1' and 'ZN' on cell 'U204'
         to break a timing loop. (OPT-314)
 
****************************************
Report : timing
        -path full
        -delay min
        -max_paths 1
Design : MyDesign
Version: T-2022.03-SP4
Date   : Fri Nov 29 18:25:13 2024
****************************************

Operating Conditions: fast   Library: NangateOpenCellLibrary_PDKv1_2_v2008_10_fast_nldm
Wire Load Model Mode: top

  Startpoint: MAC/loop_count_reg[14]
              (rising edge-triggered flip-flop clocked by clk)
  Endpoint: MAC/loop_count_reg[14]
            (rising edge-triggered flip-flop clocked by clk)
  Path Group: clk
  Path Type: min

  Point                                    Incr       Path
  -----------------------------------------------------------
  clock clk (rise edge)                  0.0000     0.0000
  clock network delay (ideal)            0.0000     0.0000
  MAC/loop_count_reg[14]/CK (DFF_X1)     0.0000     0.0000 r
  MAC/loop_count_reg[14]/Q (DFF_X1)      0.0665     0.0665 r
  U4210/ZN (OAI21_X1)                    0.0209     0.0874 f
  MAC/loop_count_reg[14]/D (DFF_X1)      0.0000     0.0874 f
  data arrival time                                 0.0874

  clock clk (rise edge)                  0.0000     0.0000
  clock network delay (ideal)            0.0000     0.0000
  clock uncertainty                      0.0500     0.0500
  MAC/loop_count_reg[14]/CK (DFF_X1)     0.0000     0.0500 r
  library hold time                      0.0006     0.0506
  data required time                                0.0506
  -----------------------------------------------------------
  data required time                                0.0506
  data arrival time                                -0.0874
  -----------------------------------------------------------
  slack (MET)                                       0.0368


1
